a + b > 3  :  assertion failed
│ │ │
│ │ 5
│ 7
2
